<div>
  <header
    class="_header_6395c1"
  >
    <div
      class="_left_6395c1"
    >
      Chesslines
      <a
        href="https://github.com/MaoShizhong/chesslines"
        rel="noopener noreferrer"
        target="_black"
      >
        <i
          aria-label="open github repo in new tab"
          class="fa-brands fa-github"
        />
      </a>
    </div>
    <nav
      class="_right_6395c1"
    >
      <a
        class=""
        data-discover="true"
        href="/repertoire"
      >
        Repertoire
      </a>
      <a
        class=""
        data-discover="true"
        href="/trainer"
      >
        Trainer
      </a>
    </nav>
  </header>
  <main
    class="_main_240d92"
  >
    <div
      class="_panel_892ead"
    >
      <div
        class="_tabs_892ead"
        role="tablist"
      >
        <button
          aria-label="white repertoire"
          aria-selected="true"
          class="_tab_892ead"
          id="_whiteTab_892ead"
          role="tab"
        >
          White
        </button>
        <button
          aria-label="black repertoire"
          aria-selected="false"
          class="_tab_892ead"
          id="_blackTab_892ead"
          role="tab"
        >
          Black
        </button>
      </div>
      <div
        aria-labelledby="_whiteTab_892ead"
        class="_folders_892ead"
        role="tabpanel"
      >
        <ul
          aria-label="folders"
          class="_contents_892ead"
          role="list"
        >
          <li
            aria-label="White open folder"
            class="_folder_892ead"
            data-type="folder"
            draggable="false"
            id="id-w"
          >
            <div
              class="_controls_892ead"
            >
              <div
                class="_heading_892ead "
              >
                <button
                  aria-label="close White folder "
                  class="_openToggle_892ead"
                />
                <i
                  class="fa-solid fa-caret-down"
                />
                <h2>
                  White
                </h2>
                <button
                  aria-label="rename folder"
                  class="iconButton"
                  type="button"
                >
                  <i
                    class="fa-solid fa-pencil"
                  />
                </button>
                <button
                  aria-label="new folder"
                  class="iconButton"
                  type="button"
                >
                  <i
                    class="fa-solid fa-folder-plus"
                  />
                </button>
              </div>
            </div>
            <ul
              aria-label="folders within White folder"
              class="_contents_892ead"
              role="list"
            >
              <li
                aria-label="line folder open folder"
                class="_folder_892ead"
                data-type="folder"
                draggable="true"
                id="id-68cafccd-d7b8-4f92-9153-9df59eee4f03"
              >
                <div
                  class="_controls_892ead"
                >
                  <div
                    aria-label="drag handle"
                    class="_dragHandle_892ead"
                  >
                    <i
                      class="fa-solid fa-grip-lines-vertical"
                    />
                  </div>
                  <div
                    class="_heading_892ead _notBase_892ead"
                  >
                    <button
                      aria-label="open line folder folder in lines panel"
                      class="_openToggle_892ead"
                    />
                    <h2>
                      line folder
                    </h2>
                    <button
                      aria-label="rename folder"
                      class="iconButton"
                      type="button"
                    >
                      <i
                        class="fa-solid fa-pencil"
                      />
                    </button>
                  </div>
                </div>
              </li>
              <li
                aria-label="folder folder open folder"
                class="_folder_892ead"
                data-type="folder"
                draggable="true"
                id="id-68cafccd-d7b8-4f92-9153-9df59eee4f04"
              >
                <div
                  class="_controls_892ead"
                >
                  <div
                    aria-label="drag handle"
                    class="_dragHandle_892ead"
                  >
                    <i
                      class="fa-solid fa-grip-lines-vertical"
                    />
                  </div>
                  <div
                    class="_heading_892ead _notBase_892ead"
                  >
                    <button
                      aria-label="close folder folder folder "
                      class="_openToggle_892ead"
                    />
                    <i
                      class="fa-solid fa-caret-down"
                    />
                    <h2>
                      folder folder
                    </h2>
                    <button
                      aria-label="rename folder"
                      class="iconButton"
                      type="button"
                    >
                      <i
                        class="fa-solid fa-pencil"
                      />
                    </button>
                    <button
                      aria-label="new folder"
                      class="iconButton"
                      type="button"
                    >
                      <i
                        class="fa-solid fa-folder-plus"
                      />
                    </button>
                  </div>
                </div>
                <ul
                  aria-label="folders within folder folder folder"
                  class="_contents_892ead"
                  role="list"
                >
                  <li
                    aria-label="empty folder closed folder"
                    class="_folder_892ead"
                    data-type="folder"
                    draggable="true"
                    id="id-68cafccd-d7b8-4f92-9153-9df59eee4f05"
                  >
                    <div
                      class="_controls_892ead"
                    >
                      <div
                        aria-label="drag handle"
                        class="_dragHandle_892ead"
                      >
                        <i
                          class="fa-solid fa-grip-lines-vertical"
                        />
                      </div>
                      <div
                        class="_heading_892ead _notBase_892ead"
                      >
                        <button
                          aria-label="open empty folder folder in lines panel"
                          class="_openToggle_892ead"
                        />
                        <h2>
                          empty folder
                        </h2>
                        <button
                          aria-label="rename folder"
                          class="iconButton"
                          type="button"
                        >
                          <i
                            class="fa-solid fa-pencil"
                          />
                        </button>
                        <button
                          aria-label="new folder"
                          class="iconButton"
                          type="button"
                        >
                          <i
                            class="fa-solid fa-folder-plus"
                          />
                        </button>
                        <button
                          aria-label="delete folder"
                          class="iconButton"
                          type="button"
                        >
                          <i
                            class="fa-solid fa-trash"
                          />
                        </button>
                      </div>
                    </div>
                  </li>
                </ul>
              </li>
              <li
                aria-label="another line folder closed folder"
                class="_folder_892ead"
                data-type="folder"
                draggable="true"
                id="id-68cafccd-d7b8-4f92-9153-9df59eee4f06"
              >
                <div
                  class="_controls_892ead"
                >
                  <div
                    aria-label="drag handle"
                    class="_dragHandle_892ead"
                  >
                    <i
                      class="fa-solid fa-grip-lines-vertical"
                    />
                  </div>
                  <div
                    class="_heading_892ead _notBase_892ead"
                  >
                    <button
                      aria-label="open another line folder folder in lines panel"
                      class="_openToggle_892ead"
                    />
                    <h2>
                      another line folder
                    </h2>
                    <button
                      aria-label="rename folder"
                      class="iconButton"
                      type="button"
                    >
                      <i
                        class="fa-solid fa-pencil"
                      />
                    </button>
                  </div>
                </div>
              </li>
            </ul>
          </li>
        </ul>
      </div>
    </div>
    <section
      aria-labelledby="lines-folder-name"
      class="_panel_8b8c73"
    >
      <div
        class="_heading_8b8c73"
      >
        <h2
          id="lines-folder-name"
        >
          line folder
        </h2>
        <button
          aria-label="new line"
          class="iconButton"
          type="button"
        >
          <i
            class="fa-solid fa-plus"
          />
        </button>
      </div>
      <ul
        aria-label="lines"
        class="_lines_8b8c73"
      >
        <li
          class="_line_8b8c73"
          data-type="line"
          draggable="true"
          id="id-68cafccd-d7b8-4f92-9153-9df59eee4f01"
        >
          <div>
            <p>
              Starting FEN: 
              Standard
            </p>
            <p>
              PGN: 
              1. e4 e5 2. d4 d5 3. f4 f5
            </p>
          </div>
          <button
            aria-label="delete line"
            class="iconButton"
            type="button"
          >
            <i
              class="fa-solid fa-trash"
            />
          </button>
        </li>
        <li
          class="_line_8b8c73"
          data-type="line"
          draggable="true"
          id="id-68cafccd-d7b8-4f92-9153-9df59eee4f02"
        >
          <div>
            <p>
              Starting FEN: 
              Standard
            </p>
            <p>
              PGN: 
              1. e4 e5 2. d4 exd4 3. c3 dxc3
            </p>
          </div>
          <button
            aria-label="delete line"
            class="iconButton"
            type="button"
          >
            <i
              class="fa-solid fa-trash"
            />
          </button>
        </li>
      </ul>
    </section>
  </main>
</div>